\BOOKMARK [1][-]{section.1}{\376\377\000I\000n\000t\000r\000o\000d\000u\000c\000t\000i\000o\000n}{}% 1
\BOOKMARK [1][-]{section.2}{\376\377\000M\000e\000t\000h\000o\000d}{}% 2
\BOOKMARK [2][-]{subsection.2.1}{\376\377\000T\000o\000p\000o\000l\000o\000g\000y\000-\000A\000w\000a\000r\000e\000\040\000R\000e\000a\000s\000o\000n\000i\000n\000g\000\040\000R\000e\000p\000r\000e\000s\000e\000n\000t\000a\000t\000i\000o\000n}{section.2}% 3
\BOOKMARK [2][-]{subsection.2.2}{\376\377\000C\000o\000r\000r\000e\000c\000t\000n\000e\000s\000s\000-\000C\000o\000n\000s\000t\000r\000a\000i\000n\000e\000d\000\040\000S\000t\000r\000u\000c\000t\000u\000r\000a\000l\000\040\000O\000p\000t\000i\000m\000i\000z\000a\000t\000i\000o\000n}{section.2}% 4
\BOOKMARK [2][-]{subsection.2.3}{\376\377\000D\000e\000f\000e\000c\000t\000-\000C\000o\000n\000d\000i\000t\000i\000o\000n\000e\000d\000\040\000T\000o\000p\000o\000l\000o\000g\000y\000-\000G\000u\000i\000d\000e\000d\000\040\000D\000i\000s\000t\000i\000l\000l\000a\000t\000i\000o\000n\000\040\000\050\000T\000G\000D\000\051}{section.2}% 5
\BOOKMARK [1][-]{section.3}{\376\377\000E\000x\000p\000e\000r\000i\000m\000e\000n\000t\000s}{}% 6
\BOOKMARK [2][-]{subsection.3.1}{\376\377\000E\000v\000a\000l\000u\000a\000t\000i\000o\000n\000\040\000S\000e\000t\000u\000p}{section.3}% 7
\BOOKMARK [2][-]{subsection.3.2}{\376\377\000M\000a\000i\000n\000\040\000R\000e\000s\000u\000l\000t\000s\000:\000\040\000A\000c\000c\000u\000r\000a\000c\000y\000\040\000a\000n\000d\000\040\000E\000f\000f\000i\000c\000i\000e\000n\000c\000y\000\040\000\050\000R\000Q\0001\000\051}{section.3}% 8
\BOOKMARK [2][-]{subsection.3.3}{\376\377\000A\000b\000l\000a\000t\000i\000o\000n\000\040\000S\000t\000u\000d\000y\000\040\000\050\000R\000Q\0002\000\051}{section.3}% 9
\BOOKMARK [2][-]{subsection.3.4}{\376\377\000A\000u\000d\000i\000t\000i\000n\000g\000\040\000R\000e\000c\000o\000v\000e\000r\000a\000b\000l\000e\000\040\000S\000u\000p\000p\000o\000r\000t\000\040\000\050\000R\000Q\0003\000\051}{section.3}% 10
\BOOKMARK [2][-]{subsection.3.5}{\376\377\000B\000o\000u\000n\000d\000a\000r\000y\000\040\000A\000n\000a\000l\000y\000s\000i\000s\000\040\000w\000i\000t\000h\000\040\000a\000\040\000S\000e\000m\000a\000n\000t\000i\000c\000\040\000P\000R\000M\000\040\000\050\000R\000Q\0004\000\051}{section.3}% 11
\BOOKMARK [2][-]{subsection.3.6}{\376\377\000R\000o\000b\000u\000s\000t\000n\000e\000s\000s\000\040\000a\000n\000d\000\040\000F\000a\000i\000l\000u\000r\000e\000\040\000M\000o\000d\000e\000s}{section.3}% 12
\BOOKMARK [2][-]{subsection.3.7}{\376\377\000E\000v\000i\000d\000e\000n\000c\000e\000\040\000S\000y\000n\000t\000h\000e\000s\000i\000s\000\040\000a\000n\000d\000\040\000S\000c\000o\000p\000e}{section.3}% 13
\BOOKMARK [1][-]{section.4}{\376\377\000R\000e\000l\000a\000t\000e\000d\000\040\000W\000o\000r\000k}{}% 14
\BOOKMARK [1][-]{section.5}{\376\377\000C\000o\000n\000c\000l\000u\000s\000i\000o\000n}{}% 15
\BOOKMARK [1][-]{appendix.A}{\376\377\000I\000m\000p\000l\000e\000m\000e\000n\000t\000a\000t\000i\000o\000n\000\040\000a\000n\000d\000\040\000E\000v\000a\000l\000u\000a\000t\000i\000o\000n\000\040\000D\000e\000t\000a\000i\000l\000s}{}% 16
\BOOKMARK [2][-]{subsection.A.1}{\376\377\000T\000r\000a\000i\000n\000i\000n\000g\000\040\000C\000o\000n\000f\000i\000g\000u\000r\000a\000t\000i\000o\000n}{appendix.A}% 17
\BOOKMARK [2][-]{subsection.A.2}{\376\377\000R\000e\000w\000a\000r\000d\000\040\000C\000o\000n\000f\000i\000g\000u\000r\000a\000t\000i\000o\000n}{appendix.A}% 18
\BOOKMARK [2][-]{subsection.A.3}{\376\377\000A\000C\000E\000\040\000a\000n\000d\000\040\000T\000G\000D}{appendix.A}% 19
\BOOKMARK [2][-]{subsection.A.4}{\376\377\000E\000v\000a\000l\000u\000a\000t\000i\000o\000n\000\040\000P\000r\000o\000t\000o\000c\000o\000l}{appendix.A}% 20
\BOOKMARK [1][-]{appendix.B}{\376\377\000E\000x\000t\000e\000n\000d\000e\000d\000\040\000R\000e\000s\000u\000l\000t\000s}{}% 21
\BOOKMARK [2][-]{subsection.B.1}{\376\377\000C\000o\000n\000t\000r\000o\000l\000l\000e\000d\000\040\000P\000a\000s\000s\000@\0001\000\040\000C\000h\000e\000c\000k\000p\000o\000i\000n\000t\000s}{appendix.B}% 22
\BOOKMARK [2][-]{subsection.B.2}{\376\377\000C\000o\000m\000p\000l\000e\000t\000e\000\040\000P\000e\000r\000-\000B\000e\000n\000c\000h\000m\000a\000r\000k\000\040\000A\000b\000l\000a\000t\000i\000o\000n\000\040\000L\000e\000d\000g\000e\000r}{appendix.B}% 23
\BOOKMARK [1][-]{appendix.C}{\376\377\000G\000r\000a\000p\000h\000\040\000C\000o\000n\000s\000t\000r\000u\000c\000t\000i\000o\000n\000\040\000a\000n\000d\000\040\000E\000d\000g\000e\000\040\000A\000u\000d\000i\000t}{}% 24
\BOOKMARK [2][-]{subsection.C.1}{\376\377\000D\000e\000t\000e\000r\000m\000i\000n\000i\000s\000t\000i\000c\000\040\000C\000o\000n\000s\000t\000r\000u\000c\000t\000i\000o\000n}{appendix.C}% 25
\BOOKMARK [2][-]{subsection.C.2}{\376\377\000R\000e\000p\000r\000e\000s\000e\000n\000t\000a\000t\000i\000o\000n\000\040\000P\000r\000o\000p\000e\000r\000t\000i\000e\000s}{appendix.C}% 26
\BOOKMARK [2][-]{subsection.C.3}{\376\377\000T\000o\000p\000o\000l\000o\000g\000y\000\040\000F\000a\000l\000s\000i\000f\000i\000c\000a\000t\000i\000o\000n\000\040\000T\000e\000s\000t\000s}{appendix.C}% 27
\BOOKMARK [2][-]{subsection.C.4}{\376\377\000A\000u\000d\000i\000t\000\040\000S\000a\000m\000p\000l\000i\000n\000g\000\040\000a\000n\000d\000\040\000L\000a\000b\000e\000l\000s}{appendix.C}% 28
\BOOKMARK [2][-]{subsection.C.5}{\376\377\000R\000e\000p\000r\000e\000s\000e\000n\000t\000a\000t\000i\000v\000e\000\040\000E\000x\000t\000r\000a\000c\000t\000i\000o\000n\000\040\000F\000a\000i\000l\000u\000r\000e\000s}{appendix.C}% 29
\BOOKMARK [1][-]{appendix.D}{\376\377\000R\000o\000b\000u\000s\000t\000n\000e\000s\000s\000\040\000a\000n\000d\000\040\000B\000o\000u\000n\000d\000a\000r\000y\000\040\000T\000e\000s\000t\000s}{}% 30
\BOOKMARK [2][-]{subsection.D.1}{\376\377\000M\000a\000t\000c\000h\000e\000d\000-\000D\000e\000c\000o\000d\000i\000n\000g\000\040\000S\000t\000a\000b\000i\000l\000i\000t\000y}{appendix.D}% 31
\BOOKMARK [2][-]{subsection.D.2}{\376\377\000S\000t\000r\000u\000c\000t\000u\000r\000e\040\023\000C\000o\000r\000r\000e\000c\000t\000n\000e\000s\000s\000\040\000A\000s\000s\000o\000c\000i\000a\000t\000i\000o\000n}{appendix.D}% 32
\BOOKMARK [2][-]{subsection.D.3}{\376\377\000C\000r\000o\000s\000s\000-\000B\000a\000c\000k\000b\000o\000n\000e\000\040\000C\000h\000e\000c\000k}{appendix.D}% 33
\BOOKMARK [2][-]{subsection.D.4}{\376\377\000F\000u\000l\000l\000\040\000B\000e\000s\000t\000-\000o\000f\000-\0008\000\040\000L\000e\000d\000g\000e\000r}{appendix.D}% 34
\BOOKMARK [1][-]{appendix.E}{\376\377\000A\000d\000d\000i\000t\000i\000o\000n\000a\000l\000\040\000A\000n\000a\000l\000y\000s\000i\000s\000\040\000a\000n\000d\000\040\000I\000n\000t\000e\000r\000p\000r\000e\000t\000a\000t\000i\000o\000n}{}% 35
\BOOKMARK [1][-]{appendix.F}{\376\377\000L\000i\000m\000i\000t\000a\000t\000i\000o\000n\000s\000\040\000a\000n\000d\000\040\000A\000r\000t\000i\000f\000a\000c\000t\000\040\000C\000h\000e\000c\000k\000l\000i\000s\000t}{}% 36
